
> dcs@0.1.0 build
> next build

   Γû▓ Next.js 15.5.13
   - Environments: .env

   Creating an optimized production build ...
 Γ£ô Compiled successfully in 10.2s
   Skipping validation of types
   Skipping linting
   Collecting page data ...
   Generating static pages (0/17) ...
   Generating static pages (4/17) 
   Generating static pages (8/17) 
   Generating static pages (12/17) 
 Γ£ô Generating static pages (17/17)
   Finalizing page optimization ...
   Collecting build traces ...

Route (app)                                 Size  First Load JS
Γöî Γùï /                                      133 B         102 kB
Γö£ Γùï /_not-found                             1 kB         103 kB
Γö£ Γùï /daily-tasks                          2.6 kB         323 kB
Γö£ Γùï /dashboard                            127 kB         415 kB
Γö£ Γùï /login                               9.15 kB         341 kB
Γö£ Γùï /pipeline-projects                   3.16 kB         350 kB
Γö£ Γùï /pipeline-projects/add               5.16 kB         371 kB
Γö£ Γùï /project-tasks/employee-index        2.45 kB         323 kB
Γö£ Γùï /project-tasks/projects              2.05 kB         323 kB
Γö£ Γùï /task-overviews                      2.24 kB         323 kB
Γö£ Γùï /task-overviews/project              2.52 kB         323 kB
Γö£ Γùï /tasks                                 46 kB         367 kB
Γö£ ╞Æ /uploads/[...path]                     133 B         102 kB
Γö£ Γùï /users                                 13 kB         399 kB
Γö£ ╞Æ /users/[id]/edit                     2.83 kB         394 kB
Γöö Γùï /users/new                           2.66 kB         394 kB
+ First Load JS shared by all             102 kB
  Γö£ chunks/1255-c32318a942e40e3e.js      45.7 kB
  Γö£ chunks/4bd1b696-100b9d70ed4e49c1.js  54.2 kB
  Γöö other shared chunks (total)          2.02 kB


╞Æ Middleware                             34.2 kB

Γùï  (Static)   prerendered as static content
╞Æ  (Dynamic)  server-rendered on demand

